  Determining projects to restore...
  All projects are up-to-date for restore.
C:\Program Files\dotnet\sdk\10.0.103\Microsoft.Common.CurrentVersion.targets(2437,5): warning MSB3277: Found conflicts between different versions of "WindowsBase" that could not be resolved. [C:\Users\ahors\source\repos\liveVideos\liveVideos\liveVideos.csproj]
C:\Program Files\dotnet\sdk\10.0.103\Microsoft.Common.CurrentVersion.targets(2437,5): warning MSB3277: There was a conflict between "WindowsBase, Version=4.0.0.0, Culture=neutral, PublicKeyToken=31bf3856ad364e35" and "WindowsBase, Version=5.0.0.0, Culture=neutral, PublicKeyToken=31bf3856ad364e35". [C:\Users\ahors\source\repos\liveVideos\liveVideos\liveVideos.csproj]
C:\Program Files\dotnet\sdk\10.0.103\Microsoft.Common.CurrentVersion.targets(2437,5): warning MSB3277:     "WindowsBase, Version=4.0.0.0, Culture=neutral, PublicKeyToken=31bf3856ad364e35" was chosen because it was primary and "WindowsBase, Version=5.0.0.0, Culture=neutral, PublicKeyToken=31bf3856ad364e35" was not. [C:\Users\ahors\source\repos\liveVideos\liveVideos\liveVideos.csproj]
C:\Program Files\dotnet\sdk\10.0.103\Microsoft.Common.CurrentVersion.targets(2437,5): warning MSB3277:     References which depend on "WindowsBase, Version=4.0.0.0, Culture=neutral, PublicKeyToken=31bf3856ad364e35" [C:\Program Files\dotnet\packs\Microsoft.NETCore.App.Ref\10.0.3\ref\net10.0\WindowsBase.dll]. [C:\Users\ahors\source\repos\liveVideos\liveVideos\liveVideos.csproj]
C:\Program Files\dotnet\sdk\10.0.103\Microsoft.Common.CurrentVersion.targets(2437,5): warning MSB3277:         C:\Program Files\dotnet\packs\Microsoft.NETCore.App.Ref\10.0.3\ref\net10.0\WindowsBase.dll [C:\Users\ahors\source\repos\liveVideos\liveVideos\liveVideos.csproj]
C:\Program Files\dotnet\sdk\10.0.103\Microsoft.Common.CurrentVersion.targets(2437,5): warning MSB3277:           Project file item includes which caused reference "C:\Program Files\dotnet\packs\Microsoft.NETCore.App.Ref\10.0.3\ref\net10.0\WindowsBase.dll". [C:\Users\ahors\source\repos\liveVideos\liveVideos\liveVideos.csproj]
C:\Program Files\dotnet\sdk\10.0.103\Microsoft.Common.CurrentVersion.targets(2437,5): warning MSB3277:             C:\Program Files\dotnet\packs\Microsoft.NETCore.App.Ref\10.0.3\ref/net10.0/WindowsBase.dll [C:\Users\ahors\source\repos\liveVideos\liveVideos\liveVideos.csproj]
C:\Program Files\dotnet\sdk\10.0.103\Microsoft.Common.CurrentVersion.targets(2437,5): warning MSB3277:     References which depend on or have been unified to "WindowsBase, Version=5.0.0.0, Culture=neutral, PublicKeyToken=31bf3856ad364e35" []. [C:\Users\ahors\source\repos\liveVideos\liveVideos\liveVideos.csproj]
C:\Program Files\dotnet\sdk\10.0.103\Microsoft.Common.CurrentVersion.targets(2437,5): warning MSB3277:         C:\Users\ahors\.nuget\packages\microsoft.web.webview2\1.0.3800.47\lib_manual\net5.0-windows10.0.17763.0\Microsoft.Web.WebView2.Wpf.dll [C:\Users\ahors\source\repos\liveVideos\liveVideos\liveVideos.csproj]
C:\Program Files\dotnet\sdk\10.0.103\Microsoft.Common.CurrentVersion.targets(2437,5): warning MSB3277:           Project file item includes which caused reference "C:\Users\ahors\.nuget\packages\microsoft.web.webview2\1.0.3800.47\lib_manual\net5.0-windows10.0.17763.0\Microsoft.Web.WebView2.Wpf.dll". [C:\Users\ahors\source\repos\liveVideos\liveVideos\liveVideos.csproj]
C:\Program Files\dotnet\sdk\10.0.103\Microsoft.Common.CurrentVersion.targets(2437,5): warning MSB3277:             C:\Users\ahors\.nuget\packages\microsoft.web.webview2\1.0.3800.47\buildTransitive\..\\lib_manual\net5.0-windows10.0.17763.0\Microsoft.Web.WebView2.Wpf.dll [C:\Users\ahors\source\repos\liveVideos\liveVideos\liveVideos.csproj]
C:\Users\ahors\source\repos\liveVideos\liveVideos\obj\Debug\net10.0-windows\.NETCoreApp,Version=v10.0.AssemblyAttributes.cs(4,12): error CS0579: Duplicate 'global::System.Runtime.Versioning.TargetFrameworkAttribute' attribute [C:\Users\ahors\source\repos\liveVideos\liveVideos\liveVideos.csproj]
C:\Users\ahors\source\repos\liveVideos\liveVideos\obj\Debug\net10.0-windows\liveVideos.AssemblyInfo.cs(14,12): error CS0579: Duplicate 'System.Reflection.AssemblyCompanyAttribute' attribute [C:\Users\ahors\source\repos\liveVideos\liveVideos\liveVideos.csproj]
C:\Users\ahors\source\repos\liveVideos\liveVideos\obj\Debug\net10.0-windows\liveVideos.AssemblyInfo.cs(15,12): error CS0579: Duplicate 'System.Reflection.AssemblyConfigurationAttribute' attribute [C:\Users\ahors\source\repos\liveVideos\liveVideos\liveVideos.csproj]
C:\Users\ahors\source\repos\liveVideos\liveVideos\obj\Debug\net10.0-windows\liveVideos.AssemblyInfo.cs(16,12): error CS0579: Duplicate 'System.Reflection.AssemblyFileVersionAttribute' attribute [C:\Users\ahors\source\repos\liveVideos\liveVideos\liveVideos.csproj]
C:\Users\ahors\source\repos\liveVideos\liveVideos\obj\Debug\net10.0-windows\liveVideos.AssemblyInfo.cs(17,12): error CS0579: Duplicate 'System.Reflection.AssemblyInformationalVersionAttribute' attribute [C:\Users\ahors\source\repos\liveVideos\liveVideos\liveVideos.csproj]
C:\Users\ahors\source\repos\liveVideos\liveVideos\obj\Debug\net10.0-windows\liveVideos.AssemblyInfo.cs(18,12): error CS0579: Duplicate 'System.Reflection.AssemblyProductAttribute' attribute [C:\Users\ahors\source\repos\liveVideos\liveVideos\liveVideos.csproj]
C:\Users\ahors\source\repos\liveVideos\liveVideos\obj\Debug\net10.0-windows\liveVideos.AssemblyInfo.cs(19,12): error CS0579: Duplicate 'System.Reflection.AssemblyTitleAttribute' attribute [C:\Users\ahors\source\repos\liveVideos\liveVideos\liveVideos.csproj]
C:\Users\ahors\source\repos\liveVideos\liveVideos\obj\Debug\net10.0-windows\liveVideos.AssemblyInfo.cs(20,12): error CS0579: Duplicate 'System.Reflection.AssemblyVersionAttribute' attribute [C:\Users\ahors\source\repos\liveVideos\liveVideos\liveVideos.csproj]
C:\Users\ahors\source\repos\liveVideos\liveVideos\Server\obj\Debug\net10.0\Server.GlobalUsings.g.cs(2,35): error CS0234: The type or namespace name 'Builder' does not exist in the namespace 'Microsoft.AspNetCore' (are you missing an assembly reference?) [C:\Users\ahors\source\repos\liveVideos\liveVideos\liveVideos.csproj]
C:\Users\ahors\source\repos\liveVideos\liveVideos\Server\obj\Debug\net10.0\Server.GlobalUsings.g.cs(3,35): error CS0234: The type or namespace name 'Hosting' does not exist in the namespace 'Microsoft.AspNetCore' (are you missing an assembly reference?) [C:\Users\ahors\source\repos\liveVideos\liveVideos\liveVideos.csproj]
C:\Users\ahors\source\repos\liveVideos\liveVideos\Server\obj\Debug\net10.0\Server.GlobalUsings.g.cs(5,35): error CS0234: The type or namespace name 'Routing' does not exist in the namespace 'Microsoft.AspNetCore' (are you missing an assembly reference?) [C:\Users\ahors\source\repos\liveVideos\liveVideos\liveVideos.csproj]
C:\Users\ahors\source\repos\liveVideos\liveVideos\Server\obj\Debug\net10.0\Server.GlobalUsings.g.cs(6,35): error CS0234: The type or namespace name 'Configuration' does not exist in the namespace 'Microsoft.Extensions' (are you missing an assembly reference?) [C:\Users\ahors\source\repos\liveVideos\liveVideos\liveVideos.csproj]
C:\Users\ahors\source\repos\liveVideos\liveVideos\Server\obj\Debug\net10.0\Server.GlobalUsings.g.cs(8,35): error CS0234: The type or namespace name 'Hosting' does not exist in the namespace 'Microsoft.Extensions' (are you missing an assembly reference?) [C:\Users\ahors\source\repos\liveVideos\liveVideos\liveVideos.csproj]
C:\Users\ahors\source\repos\liveVideos\liveVideos\Server\Hubs\ChatHub.cs(6,28): error CS0246: The type or namespace name 'Hub' could not be found (are you missing a using directive or an assembly reference?) [C:\Users\ahors\source\repos\liveVideos\liveVideos\liveVideos.csproj]

Build FAILED.

C:\Program Files\dotnet\sdk\10.0.103\Microsoft.Common.CurrentVersion.targets(2437,5): warning MSB3277: Found conflicts between different versions of "WindowsBase" that could not be resolved. [C:\Users\ahors\source\repos\liveVideos\liveVideos\liveVideos.csproj]
C:\Program Files\dotnet\sdk\10.0.103\Microsoft.Common.CurrentVersion.targets(2437,5): warning MSB3277: There was a conflict between "WindowsBase, Version=4.0.0.0, Culture=neutral, PublicKeyToken=31bf3856ad364e35" and "WindowsBase, Version=5.0.0.0, Culture=neutral, PublicKeyToken=31bf3856ad364e35". [C:\Users\ahors\source\repos\liveVideos\liveVideos\liveVideos.csproj]
C:\Program Files\dotnet\sdk\10.0.103\Microsoft.Common.CurrentVersion.targets(2437,5): warning MSB3277:     "WindowsBase, Version=4.0.0.0, Culture=neutral, PublicKeyToken=31bf3856ad364e35" was chosen because it was primary and "WindowsBase, Version=5.0.0.0, Culture=neutral, PublicKeyToken=31bf3856ad364e35" was not. [C:\Users\ahors\source\repos\liveVideos\liveVideos\liveVideos.csproj]
C:\Program Files\dotnet\sdk\10.0.103\Microsoft.Common.CurrentVersion.targets(2437,5): warning MSB3277:     References which depend on "WindowsBase, Version=4.0.0.0, Culture=neutral, PublicKeyToken=31bf3856ad364e35" [C:\Program Files\dotnet\packs\Microsoft.NETCore.App.Ref\10.0.3\ref\net10.0\WindowsBase.dll]. [C:\Users\ahors\source\repos\liveVideos\liveVideos\liveVideos.csproj]
C:\Program Files\dotnet\sdk\10.0.103\Microsoft.Common.CurrentVersion.targets(2437,5): warning MSB3277:         C:\Program Files\dotnet\packs\Microsoft.NETCore.App.Ref\10.0.3\ref\net10.0\WindowsBase.dll [C:\Users\ahors\source\repos\liveVideos\liveVideos\liveVideos.csproj]
C:\Program Files\dotnet\sdk\10.0.103\Microsoft.Common.CurrentVersion.targets(2437,5): warning MSB3277:           Project file item includes which caused reference "C:\Program Files\dotnet\packs\Microsoft.NETCore.App.Ref\10.0.3\ref\net10.0\WindowsBase.dll". [C:\Users\ahors\source\repos\liveVideos\liveVideos\liveVideos.csproj]
C:\Program Files\dotnet\sdk\10.0.103\Microsoft.Common.CurrentVersion.targets(2437,5): warning MSB3277:             C:\Program Files\dotnet\packs\Microsoft.NETCore.App.Ref\10.0.3\ref/net10.0/WindowsBase.dll [C:\Users\ahors\source\repos\liveVideos\liveVideos\liveVideos.csproj]
C:\Program Files\dotnet\sdk\10.0.103\Microsoft.Common.CurrentVersion.targets(2437,5): warning MSB3277:     References which depend on or have been unified to "WindowsBase, Version=5.0.0.0, Culture=neutral, PublicKeyToken=31bf3856ad364e35" []. [C:\Users\ahors\source\repos\liveVideos\liveVideos\liveVideos.csproj]
C:\Program Files\dotnet\sdk\10.0.103\Microsoft.Common.CurrentVersion.targets(2437,5): warning MSB3277:         C:\Users\ahors\.nuget\packages\microsoft.web.webview2\1.0.3800.47\lib_manual\net5.0-windows10.0.17763.0\Microsoft.Web.WebView2.Wpf.dll [C:\Users\ahors\source\repos\liveVideos\liveVideos\liveVideos.csproj]
C:\Program Files\dotnet\sdk\10.0.103\Microsoft.Common.CurrentVersion.targets(2437,5): warning MSB3277:           Project file item includes which caused reference "C:\Users\ahors\.nuget\packages\microsoft.web.webview2\1.0.3800.47\lib_manual\net5.0-windows10.0.17763.0\Microsoft.Web.WebView2.Wpf.dll". [C:\Users\ahors\source\repos\liveVideos\liveVideos\liveVideos.csproj]
C:\Program Files\dotnet\sdk\10.0.103\Microsoft.Common.CurrentVersion.targets(2437,5): warning MSB3277:             C:\Users\ahors\.nuget\packages\microsoft.web.webview2\1.0.3800.47\buildTransitive\..\\lib_manual\net5.0-windows10.0.17763.0\Microsoft.Web.WebView2.Wpf.dll [C:\Users\ahors\source\repos\liveVideos\liveVideos\liveVideos.csproj]
C:\Users\ahors\source\repos\liveVideos\liveVideos\obj\Debug\net10.0-windows\.NETCoreApp,Version=v10.0.AssemblyAttributes.cs(4,12): error CS0579: Duplicate 'global::System.Runtime.Versioning.TargetFrameworkAttribute' attribute [C:\Users\ahors\source\repos\liveVideos\liveVideos\liveVideos.csproj]
C:\Users\ahors\source\repos\liveVideos\liveVideos\obj\Debug\net10.0-windows\liveVideos.AssemblyInfo.cs(14,12): error CS0579: Duplicate 'System.Reflection.AssemblyCompanyAttribute' attribute [C:\Users\ahors\source\repos\liveVideos\liveVideos\liveVideos.csproj]
C:\Users\ahors\source\repos\liveVideos\liveVideos\obj\Debug\net10.0-windows\liveVideos.AssemblyInfo.cs(15,12): error CS0579: Duplicate 'System.Reflection.AssemblyConfigurationAttribute' attribute [C:\Users\ahors\source\repos\liveVideos\liveVideos\liveVideos.csproj]
C:\Users\ahors\source\repos\liveVideos\liveVideos\obj\Debug\net10.0-windows\liveVideos.AssemblyInfo.cs(16,12): error CS0579: Duplicate 'System.Reflection.AssemblyFileVersionAttribute' attribute [C:\Users\ahors\source\repos\liveVideos\liveVideos\liveVideos.csproj]
C:\Users\ahors\source\repos\liveVideos\liveVideos\obj\Debug\net10.0-windows\liveVideos.AssemblyInfo.cs(17,12): error CS0579: Duplicate 'System.Reflection.AssemblyInformationalVersionAttribute' attribute [C:\Users\ahors\source\repos\liveVideos\liveVideos\liveVideos.csproj]
C:\Users\ahors\source\repos\liveVideos\liveVideos\obj\Debug\net10.0-windows\liveVideos.AssemblyInfo.cs(18,12): error CS0579: Duplicate 'System.Reflection.AssemblyProductAttribute' attribute [C:\Users\ahors\source\repos\liveVideos\liveVideos\liveVideos.csproj]
C:\Users\ahors\source\repos\liveVideos\liveVideos\obj\Debug\net10.0-windows\liveVideos.AssemblyInfo.cs(19,12): error CS0579: Duplicate 'System.Reflection.AssemblyTitleAttribute' attribute [C:\Users\ahors\source\repos\liveVideos\liveVideos\liveVideos.csproj]
C:\Users\ahors\source\repos\liveVideos\liveVideos\obj\Debug\net10.0-windows\liveVideos.AssemblyInfo.cs(20,12): error CS0579: Duplicate 'System.Reflection.AssemblyVersionAttribute' attribute [C:\Users\ahors\source\repos\liveVideos\liveVideos\liveVideos.csproj]
C:\Users\ahors\source\repos\liveVideos\liveVideos\Server\obj\Debug\net10.0\Server.GlobalUsings.g.cs(2,35): error CS0234: The type or namespace name 'Builder' does not exist in the namespace 'Microsoft.AspNetCore' (are you missing an assembly reference?) [C:\Users\ahors\source\repos\liveVideos\liveVideos\liveVideos.csproj]
C:\Users\ahors\source\repos\liveVideos\liveVideos\Server\obj\Debug\net10.0\Server.GlobalUsings.g.cs(3,35): error CS0234: The type or namespace name 'Hosting' does not exist in the namespace 'Microsoft.AspNetCore' (are you missing an assembly reference?) [C:\Users\ahors\source\repos\liveVideos\liveVideos\liveVideos.csproj]
C:\Users\ahors\source\repos\liveVideos\liveVideos\Server\obj\Debug\net10.0\Server.GlobalUsings.g.cs(5,35): error CS0234: The type or namespace name 'Routing' does not exist in the namespace 'Microsoft.AspNetCore' (are you missing an assembly reference?) [C:\Users\ahors\source\repos\liveVideos\liveVideos\liveVideos.csproj]
C:\Users\ahors\source\repos\liveVideos\liveVideos\Server\obj\Debug\net10.0\Server.GlobalUsings.g.cs(6,35): error CS0234: The type or namespace name 'Configuration' does not exist in the namespace 'Microsoft.Extensions' (are you missing an assembly reference?) [C:\Users\ahors\source\repos\liveVideos\liveVideos\liveVideos.csproj]
C:\Users\ahors\source\repos\liveVideos\liveVideos\Server\obj\Debug\net10.0\Server.GlobalUsings.g.cs(8,35): error CS0234: The type or namespace name 'Hosting' does not exist in the namespace 'Microsoft.Extensions' (are you missing an assembly reference?) [C:\Users\ahors\source\repos\liveVideos\liveVideos\liveVideos.csproj]
C:\Users\ahors\source\repos\liveVideos\liveVideos\Server\Hubs\ChatHub.cs(6,28): error CS0246: The type or namespace name 'Hub' could not be found (are you missing a using directive or an assembly reference?) [C:\Users\ahors\source\repos\liveVideos\liveVideos\liveVideos.csproj]
    1 Warning(s)
    14 Error(s)

Time Elapsed 00:00:01.36
